../Core/Src/main.c:80:6:HAL_TIM_PeriodElapsedCallback	40	static
../Core/Src/main.c:108:6:HAL_FDCAN_RxFifo0Callback	16	static
../Core/Src/main.c:127:5:_write	24	static
../Core/Src/main.c:138:5:main	40	static
../Core/Src/main.c:232:6:SystemClock_Config	88	static
../Core/Src/main.c:279:13:MX_FDCAN3_Init	8	static
../Core/Src/main.c:322:13:MX_TIM6_Init	24	static
../Core/Src/main.c:360:13:MX_USART2_UART_Init	8	static
../Core/Src/main.c:408:13:MX_GPIO_Init	40	static
../Core/Src/main.c:440:6:Error_Handler	8	static,ignoring_inline_asm
